INFO:     uvicorn file log enabled path=F:\sistemas\UltronPro\backend\data\logs\uvicorn_live.log max_bytes=26214400 keep_bytes=8388608
INFO:     Started server process [12256]
INFO:     Waiting for application startup.
INFO:     Starting UltronPRO...
INFO:     Loaded settings. LightRAG URL: https://lightrag.nutef.com
INFO:     Mission control loop disabled by env
INFO:     Autofeeder loop disabled by env
INFO:     Autonomy loop disabled by env
INFO:     Judge loop disabled by env
INFO:     Recursive self-improvement loop disabled by env
INFO:     Metacognitive loop disabled by env
INFO:     Voice prewarm loop disabled by env
INFO:     Roadmap V5 loop disabled by env
INFO:     AGI path loop disabled by env
INFO:     Inner monologue loop disabled by env
INFO:     Self-improvement loop disabled by env
INFO:     Reflexion loop disabled by env
INFO:     Self-governance/meta-observer/affect/narrative/integration loops disabled by env
INFO:     Sleep cycle loop disabled by env
INFO:     Healer verify loop disabled by env
INFO:     Active discovery loop disabled by env
INFO:     No-cloud campaign loop disabled by env
INFO:     Longitudinal harness loop disabled by background master switch
INFO:     Self-talk loop disabled by env
INFO:     Autonomous cognition loop disabled by background master switch
INFO:     Online RL loop disabled by background master switch
INFO:     Ultron loops startup complete
INFO:     Operational Memory initialized: session=21282b39fd22
INFO:     Operational Memory initialized: session=cf9e7f843947
INFO:     Background guard started (lag_pause=2.00s, pause=90s, slow_request=4.00s)
INFO:     Application startup complete.
INFO:     Uvicorn running on http://127.0.0.1:8000 (Press CTRL+C to quit)
INFO:     Background bootstrap disabled by env
INFO:     Background source backfill disabled by env
INFO:     Background recovery: ok
INFO:     Phenomenal startup activation disabled by env
INFO:     Web explorer loop disabled by env
INFO:     Loaded skill: auto_calcule_diferenca_operacional_120_me_174e35 (risk=low, tools=0)
INFO:     Loaded skill: auto_calcule_diferenca_operacional_131_me_f64b4a (risk=low, tools=0)
INFO:     Loaded skill: auto_calcule_diferenca_operacional_142_me_9aec65 (risk=low, tools=0)
INFO:     Loaded skill: auto_calcule_diferenca_operacional_153_me_84602f (risk=low, tools=0)
INFO:     Loaded skill: auto_calcule_multiplicacao_inteira_vezes_56e18e (risk=low, tools=0)
INFO:     Loaded skill: auto_calcule_multiplicacao_inteira_vezes_78e4c3 (risk=low, tools=0)
INFO:     Loaded skill: auto_calcule_produto_operacional_vezes_0233fb (risk=low, tools=0)
INFO:     Loaded skill: auto_calcule_produto_operacional_vezes_1e09e4 (risk=low, tools=0)
INFO:     Loaded skill: auto_calcule_produto_operacional_vezes_905673 (risk=low, tools=0)
INFO:     Loaded skill: auto_calcule_produto_operacional_vezes_e06496 (risk=low, tools=0)
INFO:     Loaded skill: auto_calcule_resultado_simples_mais_30698a (risk=low, tools=0)
INFO:     Loaded skill: auto_calcule_resultado_simples_mais_e0875a (risk=low, tools=0)
INFO:     Loaded skill: auto_calcule_soma_operacional_108_mais_39c676 (risk=low, tools=0)
INFO:     Loaded skill: auto_calcule_soma_operacional_mais_08271c (risk=low, tools=0)
INFO:     Loaded skill: auto_calcule_soma_operacional_mais_25e16a (risk=low, tools=0)
INFO:     Loaded skill: auto_calcule_soma_operacional_mais_2ea00b (risk=low, tools=0)
INFO:     Loaded skill: auto_calcule_soma_operacional_mais_3bfa0d (risk=low, tools=0)
INFO:     Loaded skill: auto_calcule_soma_operacional_mais_c5e6ad (risk=low, tools=0)
INFO:     Loaded skill: auto_calcule_soma_operacional_mais_df3d76 (risk=low, tools=0)
INFO:     Loaded skill: auto_calcule_soma_operacional_mais_e76a0d (risk=low, tools=0)
INFO:     Loaded skill: auto_capital_groenl_ndia_popula_atual_ca3bb2 (risk=low, tools=0)
INFO:     Loaded skill: auto_descreva_detalhes_quem_voc_surgiu_8e3908 (risk=low, tools=0)
INFO:     Loaded skill: auto_foi_decis_mais_dif_cil_87ae5b (risk=low, tools=0)
INFO:     Loaded skill: auto_lembra_mim_582c8a (risk=low, tools=0)
INFO:     Loaded skill: auto_llm_usa_641a40 (risk=low, tools=0)
INFO:     Loaded skill: auto_meu_nome_19535d (risk=low, tools=0)
INFO:     Loaded skill: auto_meu_nome_535bf8 (risk=low, tools=0)
INFO:     Loaded skill: auto_nao_sabe_nome_seu_criador_31d979 (risk=low, tools=0)
INFO:     Loaded skill: auto_onde_veio_c17f08 (risk=low, tools=0)
INFO:     Loaded skill: auto_onde_voc_veio_1b77b7 (risk=low, tools=0)
INFO:     Loaded skill: auto_oscar_shcmidt_uma_antigo_jogador_9b3fa9 (risk=low, tools=0)
INFO:     Loaded skill: auto_perguntei_mim_59dbe7 (risk=low, tools=0)
INFO:     Loaded skill: auto_quem_fez_213223 (risk=low, tools=0)
INFO:     Loaded skill: auto_quem_voc_2bde28 (risk=low, tools=0)
INFO:     Loaded skill: auto_quem_voc_855967 (risk=low, tools=0)
INFO:     Loaded skill: auto_quem_voc_e268ae (risk=low, tools=0)
INFO:     Loaded skill: auto_que_voc_ainda_confi_vel_5ea672 (risk=low, tools=0)
INFO:     Loaded skill: auto_risco_executar_comando_com_pouca_01a75f (risk=low, tools=0)
INFO:     Loaded skill: auto_risco_executar_comando_com_pouca_550783 (risk=low, tools=0)
INFO:     Loaded skill: auto_voc_lembra_mim_018c16 (risk=low, tools=0)
INFO:     Loaded skill: code_review (risk=medium, tools=3)
INFO:     Loaded skill: debug_error (risk=high, tools=4)
INFO:     Loaded skill: learn_concept (risk=low, tools=4)
INFO:     Loaded skill: web_search (risk=low, tools=3)
INFO:     Loaded 44 skills
WARNING:  Skill suggestion failed: 'int' object has no attribute 'lower'
INFO:     LocalReasoning: RESOLVED via MATH in 1ms
WARNING:  Skill suggestion failed: 'int' object has no attribute 'lower'
INFO:     LocalReasoning: RESOLVED via MATH in 0ms
WARNING:  Skill suggestion failed: 'int' object has no attribute 'lower'
INFO:     LocalReasoning: RESOLVED via MATH in 0ms
WARNING:  Skill suggestion failed: 'int' object has no attribute 'lower'
INFO:     LocalReasoning: RESOLVED via MATH in 0ms
WARNING:  Skill suggestion failed: 'int' object has no attribute 'lower'
INFO:     LocalReasoning: RESOLVED via MATH in 0ms
WARNING:  Skill suggestion failed: 'int' object has no attribute 'lower'
INFO:     LocalReasoning: RESOLVED via MATH in 0ms
WARNING:  Skill suggestion failed: 'int' object has no attribute 'lower'
INFO:     LocalReasoning: RESOLVED via MATH in 0ms
WARNING:  Skill suggestion failed: 'int' object has no attribute 'lower'
INFO:     LocalReasoning: RESOLVED via MATH in 0ms
WARNING:  Skill suggestion failed: 'int' object has no attribute 'lower'
INFO:     LocalReasoning: RESOLVED via MATH in 0ms
WARNING:  Skill suggestion failed: 'int' object has no attribute 'lower'
INFO:     LocalReasoning: RESOLVED via MATH in 0ms
WARNING:  Skill suggestion failed: 'int' object has no attribute 'lower'
INFO:     LocalReasoning: RESOLVED via MATH in 0ms
WARNING:  Skill suggestion failed: 'int' object has no attribute 'lower'
INFO:     LocalReasoning: RESOLVED via MATH in 0ms
WARNING:  Skill suggestion failed: 'int' object has no attribute 'lower'
INFO:     LocalReasoning: RESOLVED via MATH in 1ms
WARNING:  Skill suggestion failed: 'int' object has no attribute 'lower'
INFO:     LocalReasoning: RESOLVED via MATH in 0ms
WARNING:  Skill suggestion failed: 'int' object has no attribute 'lower'
INFO:     LocalReasoning: RESOLVED via MATH in 0ms
WARNING:  Skill suggestion failed: 'int' object has no attribute 'lower'
INFO:     LocalReasoning: RESOLVED via MATH in 0ms
WARNING:  Skill suggestion failed: 'int' object has no attribute 'lower'
INFO:     LocalReasoning: RESOLVED via MATH in 0ms
WARNING:  Skill suggestion failed: 'int' object has no attribute 'lower'
INFO:     LocalReasoning: RESOLVED via MATH in 0ms
WARNING:  Skill suggestion failed: 'int' object has no attribute 'lower'
INFO:     LocalReasoning: RESOLVED via MATH in 2ms
WARNING:  Skill suggestion failed: 'int' object has no attribute 'lower'
INFO:     LocalReasoning: RESOLVED via MATH in 0ms
WARNING:  Skill suggestion failed: 'int' object has no attribute 'lower'
INFO:     LocalReasoning: RESOLVED via MATH in 0ms
WARNING:  Skill suggestion failed: 'int' object has no attribute 'lower'
INFO:     LocalReasoning: RESOLVED via MATH in 0ms
WARNING:  Skill suggestion failed: 'int' object has no attribute 'lower'
INFO:     LocalReasoning: RESOLVED via MATH in 0ms
WARNING:  Skill suggestion failed: 'int' object has no attribute 'lower'
INFO:     LocalReasoning: RESOLVED via MATH in 0ms
WARNING:  Skill suggestion failed: 'int' object has no attribute 'lower'
INFO:     LocalReasoning: RESOLVED via MATH in 0ms
WARNING:  Skill suggestion failed: 'int' object has no attribute 'lower'
INFO:     LocalReasoning: RESOLVED via MATH in 0ms
WARNING:  Skill suggestion failed: 'int' object has no attribute 'lower'
INFO:     LocalReasoning: RESOLVED via MATH in 0ms
WARNING:  Skill suggestion failed: 'int' object has no attribute 'lower'
INFO:     LocalReasoning: RESOLVED via MATH in 1ms
WARNING:  Skill suggestion failed: 'int' object has no attribute 'lower'
INFO:     LocalReasoning: RESOLVED via MATH in 0ms
WARNING:  Skill suggestion failed: 'int' object has no attribute 'lower'
INFO:     LocalReasoning: RESOLVED via MATH in 0ms
INFO:     Loaded skill: auto_calcule_diferenca_inteira_100_menos_82684a (risk=low, tools=0)
INFO:     Loaded skill: auto_calcule_diferenca_inteira_menos_4ed518 (risk=low, tools=0)
INFO:     Loaded skill: auto_calcule_diferenca_operacional_120_me_174e35 (risk=low, tools=0)
INFO:     Loaded skill: auto_calcule_diferenca_operacional_120_me_9154b5 (risk=low, tools=0)
INFO:     Loaded skill: auto_calcule_diferenca_operacional_131_me_5336c8 (risk=low, tools=0)
INFO:     Loaded skill: auto_calcule_diferenca_operacional_131_me_f64b4a (risk=low, tools=0)
INFO:     Loaded skill: auto_calcule_diferenca_operacional_142_me_4c1ff7 (risk=low, tools=0)
INFO:     Loaded skill: auto_calcule_diferenca_operacional_142_me_9aec65 (risk=low, tools=0)
INFO:     Loaded skill: auto_calcule_diferenca_operacional_153_me_1704ac (risk=low, tools=0)
INFO:     Loaded skill: auto_calcule_diferenca_operacional_153_me_84602f (risk=low, tools=0)
INFO:     Loaded skill: auto_calcule_multiplicacao_inteira_vezes_56e18e (risk=low, tools=0)
INFO:     Loaded skill: auto_calcule_multiplicacao_inteira_vezes_78e4c3 (risk=low, tools=0)
INFO:     Loaded skill: auto_calcule_produto_inteiro_vezes_7e6c8a (risk=low, tools=0)
INFO:     Loaded skill: auto_calcule_produto_inteiro_vezes_c00715 (risk=low, tools=0)
INFO:     Loaded skill: auto_calcule_produto_operacional_vezes_0233fb (risk=low, tools=0)
INFO:     Loaded skill: auto_calcule_produto_operacional_vezes_1e09e4 (risk=low, tools=0)
INFO:     Loaded skill: auto_calcule_produto_operacional_vezes_26041f (risk=low, tools=0)
INFO:     Loaded skill: auto_calcule_produto_operacional_vezes_670faa (risk=low, tools=0)
INFO:     Loaded skill: auto_calcule_produto_operacional_vezes_905673 (risk=low, tools=0)
INFO:     Loaded skill: auto_calcule_produto_operacional_vezes_c5219b (risk=low, tools=0)
INFO:     Loaded skill: auto_calcule_produto_operacional_vezes_e06496 (risk=low, tools=0)
INFO:     Loaded skill: auto_calcule_produto_operacional_vezes_f0a7e5 (risk=low, tools=0)
INFO:     Loaded skill: auto_calcule_resultado_numerico_mais_b2c73f (risk=low, tools=0)
INFO:     Loaded skill: auto_calcule_resultado_numerico_mais_e0a9d3 (risk=low, tools=0)
INFO:     Loaded skill: auto_calcule_resultado_simples_mais_30698a (risk=low, tools=0)
INFO:     Loaded skill: auto_calcule_resultado_simples_mais_3c091e (risk=low, tools=0)
INFO:     Loaded skill: auto_calcule_resultado_simples_mais_9a5190 (risk=low, tools=0)
INFO:     Loaded skill: auto_calcule_resultado_simples_mais_e0875a (risk=low, tools=0)
INFO:     Loaded skill: auto_calcule_soma_inteira_mais_8b544b (risk=low, tools=0)
INFO:     Loaded skill: auto_calcule_soma_inteira_mais_c50f17 (risk=low, tools=0)
INFO:     Loaded skill: auto_calcule_soma_operacional_108_mais_39c676 (risk=low, tools=0)
INFO:     Loaded skill: auto_calcule_soma_operacional_mais_08271c (risk=low, tools=0)
INFO:     Loaded skill: auto_calcule_soma_operacional_mais_25e16a (risk=low, tools=0)
INFO:     Loaded skill: auto_calcule_soma_operacional_mais_2ea00b (risk=low, tools=0)
INFO:     Loaded skill: auto_calcule_soma_operacional_mais_3bfa0d (risk=low, tools=0)
INFO:     Loaded skill: auto_calcule_soma_operacional_mais_c5e6ad (risk=low, tools=0)
INFO:     Loaded skill: auto_calcule_soma_operacional_mais_df3d76 (risk=low, tools=0)
INFO:     Loaded skill: auto_calcule_soma_operacional_mais_e76a0d (risk=low, tools=0)
INFO:     Loaded skill: auto_capital_groenl_ndia_popula_atual_ca3bb2 (risk=low, tools=0)
INFO:     Loaded skill: auto_descreva_detalhes_quem_voc_surgiu_8e3908 (risk=low, tools=0)
INFO:     Loaded skill: auto_foi_decis_mais_dif_cil_87ae5b (risk=low, tools=0)
INFO:     Loaded skill: auto_lembra_mim_582c8a (risk=low, tools=0)
INFO:     Loaded skill: auto_llm_usa_641a40 (risk=low, tools=0)
INFO:     Loaded skill: auto_meu_nome_19535d (risk=low, tools=0)
INFO:     Loaded skill: auto_meu_nome_535bf8 (risk=low, tools=0)
INFO:     Loaded skill: auto_nao_sabe_nome_seu_criador_31d979 (risk=low, tools=0)
INFO:     Loaded skill: auto_onde_veio_c17f08 (risk=low, tools=0)
INFO:     Loaded skill: auto_onde_voc_veio_1b77b7 (risk=low, tools=0)
INFO:     Loaded skill: auto_oscar_shcmidt_uma_antigo_jogador_9b3fa9 (risk=low, tools=0)
INFO:     Loaded skill: auto_perguntei_mim_59dbe7 (risk=low, tools=0)
INFO:     Loaded skill: auto_quem_fez_213223 (risk=low, tools=0)
INFO:     Loaded skill: auto_quem_voc_2bde28 (risk=low, tools=0)
INFO:     Loaded skill: auto_quem_voc_855967 (risk=low, tools=0)
INFO:     Loaded skill: auto_quem_voc_e268ae (risk=low, tools=0)
INFO:     Loaded skill: auto_que_voc_ainda_confi_vel_5ea672 (risk=low, tools=0)
INFO:     Loaded skill: auto_resolva_expressao_inteira_mais_c48aca (risk=low, tools=0)
INFO:     Loaded skill: auto_resolva_expressao_inteira_menos_1690a5 (risk=low, tools=0)
INFO:     Loaded skill: auto_risco_executar_comando_com_pouca_01a75f (risk=low, tools=0)
INFO:     Loaded skill: auto_risco_executar_comando_com_pouca_550783 (risk=low, tools=0)
INFO:     Loaded skill: auto_voc_lembra_mim_018c16 (risk=low, tools=0)
INFO:     Loaded skill: code_review (risk=medium, tools=3)
INFO:     Loaded skill: debug_error (risk=high, tools=4)
INFO:     Loaded skill: learn_concept (risk=low, tools=4)
INFO:     Loaded skill: web_search (risk=low, tools=3)
INFO:     Loaded 64 skills
INFO:     Loaded skill: auto_calcule_diferenca_inteira_100_menos_82684a (risk=low, tools=0)
INFO:     Loaded skill: auto_calcule_diferenca_inteira_menos_4ed518 (risk=low, tools=0)
INFO:     Loaded skill: auto_calcule_diferenca_operacional_120_me_174e35 (risk=low, tools=0)
INFO:     Loaded skill: auto_calcule_diferenca_operacional_120_me_9154b5 (risk=low, tools=0)
INFO:     Loaded skill: auto_calcule_diferenca_operacional_131_me_5336c8 (risk=low, tools=0)
INFO:     Loaded skill: auto_calcule_diferenca_operacional_131_me_f64b4a (risk=low, tools=0)
INFO:     Loaded skill: auto_calcule_diferenca_operacional_142_me_4c1ff7 (risk=low, tools=0)
INFO:     Loaded skill: auto_calcule_diferenca_operacional_142_me_9aec65 (risk=low, tools=0)
INFO:     Loaded skill: auto_calcule_diferenca_operacional_153_me_1704ac (risk=low, tools=0)
INFO:     Loaded skill: auto_calcule_diferenca_operacional_153_me_84602f (risk=low, tools=0)
INFO:     Loaded skill: auto_calcule_multiplicacao_inteira_vezes_56e18e (risk=low, tools=0)
INFO:     Loaded skill: auto_calcule_multiplicacao_inteira_vezes_78e4c3 (risk=low, tools=0)
INFO:     Loaded skill: auto_calcule_produto_inteiro_vezes_7e6c8a (risk=low, tools=0)
INFO:     Loaded skill: auto_calcule_produto_inteiro_vezes_c00715 (risk=low, tools=0)
INFO:     Loaded skill: auto_calcule_produto_operacional_vezes_0233fb (risk=low, tools=0)
INFO:     Loaded skill: auto_calcule_produto_operacional_vezes_1e09e4 (risk=low, tools=0)
INFO:     Loaded skill: auto_calcule_produto_operacional_vezes_26041f (risk=low, tools=0)
INFO:     Loaded skill: auto_calcule_produto_operacional_vezes_670faa (risk=low, tools=0)
INFO:     Loaded skill: auto_calcule_produto_operacional_vezes_905673 (risk=low, tools=0)
INFO:     Loaded skill: auto_calcule_produto_operacional_vezes_c5219b (risk=low, tools=0)
INFO:     Loaded skill: auto_calcule_produto_operacional_vezes_e06496 (risk=low, tools=0)
INFO:     Loaded skill: auto_calcule_produto_operacional_vezes_f0a7e5 (risk=low, tools=0)
INFO:     Loaded skill: auto_calcule_resultado_numerico_mais_b2c73f (risk=low, tools=0)
INFO:     Loaded skill: auto_calcule_resultado_numerico_mais_e0a9d3 (risk=low, tools=0)
INFO:     Loaded skill: auto_calcule_resultado_simples_mais_30698a (risk=low, tools=0)
INFO:     Loaded skill: auto_calcule_resultado_simples_mais_3c091e (risk=low, tools=0)
INFO:     Loaded skill: auto_calcule_resultado_simples_mais_9a5190 (risk=low, tools=0)
INFO:     Loaded skill: auto_calcule_resultado_simples_mais_e0875a (risk=low, tools=0)
INFO:     Loaded skill: auto_calcule_soma_inteira_mais_8b544b (risk=low, tools=0)
INFO:     Loaded skill: auto_calcule_soma_inteira_mais_c50f17 (risk=low, tools=0)
INFO:     Loaded skill: auto_calcule_soma_operacional_108_mais_39c676 (risk=low, tools=0)
INFO:     Loaded skill: auto_calcule_soma_operacional_mais_08271c (risk=low, tools=0)
INFO:     Loaded skill: auto_calcule_soma_operacional_mais_25e16a (risk=low, tools=0)
INFO:     Loaded skill: auto_calcule_soma_operacional_mais_2ea00b (risk=low, tools=0)
INFO:     Loaded skill: auto_calcule_soma_operacional_mais_3bfa0d (risk=low, tools=0)
INFO:     Loaded skill: auto_calcule_soma_operacional_mais_c5e6ad (risk=low, tools=0)
INFO:     Loaded skill: auto_calcule_soma_operacional_mais_df3d76 (risk=low, tools=0)
INFO:     Loaded skill: auto_calcule_soma_operacional_mais_e76a0d (risk=low, tools=0)
INFO:     Loaded skill: auto_capital_groenl_ndia_popula_atual_ca3bb2 (risk=low, tools=0)
INFO:     Loaded skill: auto_descreva_detalhes_quem_voc_surgiu_8e3908 (risk=low, tools=0)
INFO:     Loaded skill: auto_foi_decis_mais_dif_cil_87ae5b (risk=low, tools=0)
INFO:     Loaded skill: auto_lembra_mim_582c8a (risk=low, tools=0)
INFO:     Loaded skill: auto_llm_usa_641a40 (risk=low, tools=0)
INFO:     Loaded skill: auto_meu_nome_19535d (risk=low, tools=0)
INFO:     Loaded skill: auto_meu_nome_535bf8 (risk=low, tools=0)
INFO:     Loaded skill: auto_nao_sabe_nome_seu_criador_31d979 (risk=low, tools=0)
INFO:     Loaded skill: auto_onde_veio_c17f08 (risk=low, tools=0)
INFO:     Loaded skill: auto_onde_voc_veio_1b77b7 (risk=low, tools=0)
INFO:     Loaded skill: auto_oscar_shcmidt_uma_antigo_jogador_9b3fa9 (risk=low, tools=0)
INFO:     Loaded skill: auto_perguntei_mim_59dbe7 (risk=low, tools=0)
INFO:     Loaded skill: auto_quem_fez_213223 (risk=low, tools=0)
INFO:     Loaded skill: auto_quem_voc_2bde28 (risk=low, tools=0)
INFO:     Loaded skill: auto_quem_voc_855967 (risk=low, tools=0)
INFO:     Loaded skill: auto_quem_voc_e268ae (risk=low, tools=0)
INFO:     Loaded skill: auto_que_voc_ainda_confi_vel_5ea672 (risk=low, tools=0)
INFO:     Loaded skill: auto_resolva_expressao_inteira_mais_c48aca (risk=low, tools=0)
INFO:     Loaded skill: auto_resolva_expressao_inteira_menos_1690a5 (risk=low, tools=0)
INFO:     Loaded skill: auto_risco_executar_comando_com_pouca_01a75f (risk=low, tools=0)
INFO:     Loaded skill: auto_risco_executar_comando_com_pouca_550783 (risk=low, tools=0)
INFO:     Loaded skill: auto_voc_lembra_mim_018c16 (risk=low, tools=0)
INFO:     Loaded skill: code_review (risk=medium, tools=3)
INFO:     Loaded skill: debug_error (risk=high, tools=4)
INFO:     Loaded skill: learn_concept (risk=low, tools=4)
INFO:     Loaded skill: web_search (risk=low, tools=3)
INFO:     Loaded 64 skills
WARNING:  Skill suggestion failed: 'int' object has no attribute 'lower'
INFO:     LocalReasoning: RESOLVED via MATH in 0ms
WARNING:  Skill suggestion failed: 'int' object has no attribute 'lower'
INFO:     LocalReasoning: RESOLVED via MATH in 0ms
WARNING:  Skill suggestion failed: 'int' object has no attribute 'lower'
INFO:     LocalReasoning: RESOLVED via MATH in 0ms
WARNING:  Skill suggestion failed: 'int' object has no attribute 'lower'
INFO:     LocalReasoning: RESOLVED via MATH in 1ms
WARNING:  Skill suggestion failed: 'int' object has no attribute 'lower'
INFO:     LocalReasoning: RESOLVED via MATH in 0ms
WARNING:  Skill suggestion failed: 'int' object has no attribute 'lower'
INFO:     LocalReasoning: RESOLVED via MATH in 0ms
WARNING:  Skill suggestion failed: 'int' object has no attribute 'lower'
INFO:     LocalReasoning: RESOLVED via MATH in 0ms
WARNING:  Skill suggestion failed: 'int' object has no attribute 'lower'
INFO:     LocalReasoning: RESOLVED via MATH in 0ms
WARNING:  Skill suggestion failed: 'int' object has no attribute 'lower'
INFO:     LocalReasoning: RESOLVED via MATH in 0ms
WARNING:  Skill suggestion failed: 'int' object has no attribute 'lower'
INFO:     LocalReasoning: RESOLVED via MATH in 0ms
WARNING:  Skill suggestion failed: 'int' object has no attribute 'lower'
INFO:     LocalReasoning: RESOLVED via MATH in 0ms
WARNING:  Skill suggestion failed: 'int' object has no attribute 'lower'
INFO:     LocalReasoning: RESOLVED via MATH in 0ms
INFO:     LocalReasoning: RESOLVED via MATH in 0ms
INFO:     LocalReasoning: RESOLVED via MATH in 1ms
INFO:     LocalReasoning: RESOLVED via MATH in 0ms
INFO:     LocalReasoning: RESOLVED via MATH in 0ms
INFO:     LocalReasoning: RESOLVED via MATH in 0ms
INFO:     LocalReasoning: RESOLVED via MATH in 0ms
INFO:     LocalReasoning: RESOLVED via MATH in 0ms
INFO:     LocalReasoning: RESOLVED via MATH in 1ms
